   __                     __    
  / /  _   ____    _____  \ \   
 | |  / | |___ \  |___ /   | |  
/ /   | |   __) |   |_ \    \ \ 
\ \   | |  / __/   ___) |   / / 
 | |  |_| |_____| |____/   | |  
  \_\                     /_/   
                                
   __  _    _          _   _          __            __ __          __                 _       _  __    _  
  / / | |  | |        | | | |         \ \          / / \ \        / /                | |     | | \ \  | | 
 / /  | |__| |   ___  | | | |   ___    \ \        | |   \ \  /\  / /    ___    _ __  | |   __| |  | | | | 
< <   |  __  |  / _ \ | | | |  / _ \    > >       | |    \ \/  \/ /    / _ \  | '__| | |  / _` |  | | | | 
 \ \  | |  | | |  __/ | | | | | (_) |  / /        | |     \  /\  /    | (_) | | |    | | | (_| |  | | |_| 
  \_\ |_|  |_|  \___| |_| |_|  \___/  /_/         | |      \/  \/      \___/  |_|    |_|  \__,_|  | | (_) 
                                                   \_\                                           /_/      
                                                                                                          

#                     ___    ___   
 _   ____    _____  |__ \  |__ \  
/ | |___ \  |___ /     ) |    ) | 
| |   __) |   |_ \    / /    / /  
| |  / __/   ___) |  |_|    |_|   
|_| |_____| |____/   (_)    (_)   
                                  
                                  

#  _    _   __        _ _           
 | |  (_) / /       ( | )  ______  
/ __)    / /         V V  |______| 
\__ \   / /                ______  
(   /  / / _              |______| 
 |_|  /_/ (_)                      
                                   
                                   

#                           _______       __   __           _  _     _____   
 _   ____    _____        |__   __|     / /  / _|        _| || |_  |  __ \  
/ | |___ \  |___ /           | |       / /  | |_   ___  |_  __  _| | |__) | 
| |   __) |   |_ \           | |      / /   |  _| / __|  _| || |_  |  _  /  
| |  / __/   ___) |          | |     / /    | |   \__ \ |_  __  _| | | \ \  
|_| |_____| |____/           |_|    /_/     |_|   |___/   |_||_|   |_|  \_\ 
                                                                            
                                                                            

#